[0.387s] DEBUG:colcon:Command line arguments: ['/usr/bin/colcon', 'build']
[0.387s] DEBUG:colcon:Parsed command line arguments: Namespace(log_base=None, log_level=None, verb_name='build', build_base='build', install_base='install', merge_install=False, symlink_install=False, test_result_base=None, continue_on_error=False, executor='parallel', parallel_workers=10, event_handlers=None, ignore_user_meta=False, metas=['./colcon.meta'], base_paths=['.'], packages_ignore=None, packages_ignore_regex=None, paths=None, packages_up_to=None, packages_up_to_regex=None, packages_above=None, packages_above_and_dependencies=None, packages_above_depth=None, packages_select_by_dep=None, packages_skip_by_dep=None, packages_skip_up_to=None, packages_select_build_failed=False, packages_skip_build_finished=False, packages_select_test_failures=False, packages_skip_test_passed=False, packages_select=None, packages_skip=None, packages_select_regex=None, packages_skip_regex=None, packages_start=None, packages_end=None, allow_overriding=[], cmake_args=None, cmake_target=None, cmake_target_skip_unavailable=False, cmake_clean_cache=False, cmake_clean_first=False, cmake_force_configure=False, ament_cmake_args=None, catkin_cmake_args=None, catkin_skip_building_tests=False, mixin_files=None, mixin=None, verb_parser=<colcon_mixin.mixin.mixin_argument.MixinArgumentDecorator object at 0x759745d73f20>, verb_extension=<colcon_core.verb.build.BuildVerb object at 0x759745d739b0>, main=<bound method BuildVerb.main of <colcon_core.verb.build.BuildVerb object at 0x759745d739b0>>, mixin_verb=('build',))
[0.549s] Level 1:colcon.colcon_core.package_discovery:discover_packages(colcon_meta) check parameters
[0.549s] Level 1:colcon.colcon_core.package_discovery:discover_packages(recursive) check parameters
[0.549s] Level 1:colcon.colcon_core.package_discovery:discover_packages(ignore) check parameters
[0.549s] Level 1:colcon.colcon_core.package_discovery:discover_packages(path) check parameters
[0.549s] Level 1:colcon.colcon_core.package_discovery:discover_packages(colcon_meta) discover
[0.549s] Level 1:colcon.colcon_core.package_discovery:discover_packages(recursive) discover
[0.549s] INFO:colcon.colcon_core.package_discovery:Crawling recursively for packages in '/home/joudy/task7/src'
[0.550s] Level 1:colcon.colcon_core.package_identification:_identify(.) by extensions ['ignore', 'ignore_ament_install']
[0.550s] Level 1:colcon.colcon_core.package_identification:_identify(.) by extension 'ignore'
[0.550s] Level 1:colcon.colcon_core.package_identification:_identify(.) by extension 'ignore_ament_install'
[0.550s] Level 1:colcon.colcon_core.package_identification:_identify(.) by extensions ['colcon_pkg']
[0.550s] Level 1:colcon.colcon_core.package_identification:_identify(.) by extension 'colcon_pkg'
[0.550s] Level 1:colcon.colcon_core.package_identification:_identify(.) by extensions ['colcon_meta']
[0.550s] Level 1:colcon.colcon_core.package_identification:_identify(.) by extension 'colcon_meta'
[0.550s] Level 1:colcon.colcon_core.package_identification:_identify(.) by extensions ['ros']
[0.550s] Level 1:colcon.colcon_core.package_identification:_identify(.) by extension 'ros'
[0.584s] Level 1:colcon.colcon_core.package_identification:_identify(.) by extensions ['cmake', 'python']
[0.584s] Level 1:colcon.colcon_core.package_identification:_identify(.) by extension 'cmake'
[0.584s] Level 1:colcon.colcon_core.package_identification:_identify(.) by extension 'python'
[0.584s] Level 1:colcon.colcon_core.package_identification:_identify(.) by extensions ['python_setup_py']
[0.584s] Level 1:colcon.colcon_core.package_identification:_identify(.) by extension 'python_setup_py'
[0.584s] Level 1:colcon.colcon_core.package_identification:_identify(build) by extensions ['ignore', 'ignore_ament_install']
[0.585s] Level 1:colcon.colcon_core.package_identification:_identify(build) by extension 'ignore'
[0.585s] Level 1:colcon.colcon_core.package_identification:_identify(build) ignored
[0.585s] Level 1:colcon.colcon_core.package_identification:_identify(install) by extensions ['ignore', 'ignore_ament_install']
[0.585s] Level 1:colcon.colcon_core.package_identification:_identify(install) by extension 'ignore'
[0.585s] Level 1:colcon.colcon_core.package_identification:_identify(install) ignored
[0.585s] Level 1:colcon.colcon_core.package_identification:_identify(log) by extensions ['ignore', 'ignore_ament_install']
[0.585s] Level 1:colcon.colcon_core.package_identification:_identify(log) by extension 'ignore'
[0.585s] Level 1:colcon.colcon_core.package_identification:_identify(log) ignored
[0.585s] Level 1:colcon.colcon_core.package_identification:_identify(turtle_control) by extensions ['ignore', 'ignore_ament_install']
[0.585s] Level 1:colcon.colcon_core.package_identification:_identify(turtle_control) by extension 'ignore'
[0.586s] Level 1:colcon.colcon_core.package_identification:_identify(turtle_control) by extension 'ignore_ament_install'
[0.586s] Level 1:colcon.colcon_core.package_identification:_identify(turtle_control) by extensions ['colcon_pkg']
[0.586s] Level 1:colcon.colcon_core.package_identification:_identify(turtle_control) by extension 'colcon_pkg'
[0.586s] Level 1:colcon.colcon_core.package_identification:_identify(turtle_control) by extensions ['colcon_meta']
[0.586s] Level 1:colcon.colcon_core.package_identification:_identify(turtle_control) by extension 'colcon_meta'
[0.586s] Level 1:colcon.colcon_core.package_identification:_identify(turtle_control) by extensions ['ros']
[0.586s] Level 1:colcon.colcon_core.package_identification:_identify(turtle_control) by extension 'ros'
[0.592s] DEBUG:colcon.colcon_core.package_identification:Package 'turtle_control' with type 'ros.ament_python' and name 'turtle_control'
[0.592s] Level 1:colcon.colcon_core.package_discovery:discover_packages(recursive) using defaults
[0.592s] Level 1:colcon.colcon_core.package_discovery:discover_packages(ignore) discover
[0.592s] Level 1:colcon.colcon_core.package_discovery:discover_packages(ignore) using defaults
[0.592s] Level 1:colcon.colcon_core.package_discovery:discover_packages(path) discover
[0.592s] Level 1:colcon.colcon_core.package_discovery:discover_packages(path) using defaults
[0.643s] Level 1:colcon.colcon_core.package_discovery:discover_packages(prefix_path) check parameters
[0.643s] Level 1:colcon.colcon_core.package_discovery:discover_packages(prefix_path) discover
[0.652s] DEBUG:colcon.colcon_installed_package_information.package_discovery:Found 319 installed packages in /opt/ros/jazzy
[0.654s] Level 1:colcon.colcon_core.package_discovery:discover_packages(prefix_path) using defaults
[0.711s] Level 5:colcon.colcon_core.verb:set package 'turtle_control' build argument 'cmake_args' from command line to 'None'
[0.711s] Level 5:colcon.colcon_core.verb:set package 'turtle_control' build argument 'cmake_target' from command line to 'None'
[0.711s] Level 5:colcon.colcon_core.verb:set package 'turtle_control' build argument 'cmake_target_skip_unavailable' from command line to 'False'
[0.711s] Level 5:colcon.colcon_core.verb:set package 'turtle_control' build argument 'cmake_clean_cache' from command line to 'False'
[0.711s] Level 5:colcon.colcon_core.verb:set package 'turtle_control' build argument 'cmake_clean_first' from command line to 'False'
[0.711s] Level 5:colcon.colcon_core.verb:set package 'turtle_control' build argument 'cmake_force_configure' from command line to 'False'
[0.711s] Level 5:colcon.colcon_core.verb:set package 'turtle_control' build argument 'ament_cmake_args' from command line to 'None'
[0.711s] Level 5:colcon.colcon_core.verb:set package 'turtle_control' build argument 'catkin_cmake_args' from command line to 'None'
[0.711s] Level 5:colcon.colcon_core.verb:set package 'turtle_control' build argument 'catkin_skip_building_tests' from command line to 'False'
[0.711s] DEBUG:colcon.colcon_core.verb:Building package 'turtle_control' with the following arguments: {'ament_cmake_args': None, 'build_base': '/home/joudy/task7/src/build/turtle_control', 'catkin_cmake_args': None, 'catkin_skip_building_tests': False, 'cmake_args': None, 'cmake_clean_cache': False, 'cmake_clean_first': False, 'cmake_force_configure': False, 'cmake_target': None, 'cmake_target_skip_unavailable': False, 'install_base': '/home/joudy/task7/src/install/turtle_control', 'merge_install': False, 'path': '/home/joudy/task7/src/turtle_control', 'symlink_install': False, 'test_result_base': None}
[0.711s] INFO:colcon.colcon_core.executor:Executing jobs using 'parallel' executor
[0.713s] DEBUG:colcon.colcon_parallel_executor.executor.parallel:run_until_complete
[0.713s] INFO:colcon.colcon_ros.task.ament_python.build:Building ROS package in '/home/joudy/task7/src/turtle_control' with build type 'ament_python'
[0.713s] Level 1:colcon.colcon_core.shell:create_environment_hook('turtle_control', 'ament_prefix_path')
[0.748s] INFO:colcon.colcon_core.plugin_system:Skipping extension 'colcon_core.shell.bat': Not used on non-Windows systems
[0.749s] INFO:colcon.colcon_core.shell:Creating environment hook '/home/joudy/task7/src/install/turtle_control/share/turtle_control/hook/ament_prefix_path.ps1'
[0.751s] INFO:colcon.colcon_core.shell:Creating environment descriptor '/home/joudy/task7/src/install/turtle_control/share/turtle_control/hook/ament_prefix_path.dsv'
[0.753s] INFO:colcon.colcon_core.shell:Creating environment hook '/home/joudy/task7/src/install/turtle_control/share/turtle_control/hook/ament_prefix_path.sh'
[0.754s] INFO:colcon.colcon_core.shell:Skip shell extension 'powershell' for command environment: Not usable outside of PowerShell
[0.754s] DEBUG:colcon.colcon_core.shell:Skip shell extension 'dsv' for command environment
[1.219s] INFO:colcon.colcon_core.task.python.build:Building Python package in '/home/joudy/task7/src/turtle_control'
[1.219s] INFO:colcon.colcon_core.shell:Skip shell extension 'powershell' for command environment: Not usable outside of PowerShell
[1.220s] DEBUG:colcon.colcon_core.shell:Skip shell extension 'dsv' for command environment
[4.063s] DEBUG:colcon.colcon_core.task.python.build:Available setuptools commands: test, rotate, check, install, install_headers, clean, upload_docs, build, install_data, install_lib, build_scripts, sdist, init_catalog, install_egg_info, symlink_data, upload, bdist, bdist_dumb, install_scripts, alias, compile_catalog, bdist_egg, develop, build_ext, extract_messages, easy_install, bdist_rpm, editable_wheel, saveopts, build_py, update_catalog, build_clib, dist_info, egg_info, register, setopt
[4.066s] DEBUG:colcon.colcon_core.event_handler.log_command:Invoking command in '/home/joudy/task7/src/turtle_control': DEBUGINFOD_URLS=https://debuginfod.ubuntu.com PYTHONPATH=/home/joudy/task7/src/build/turtle_control/prefix_override:/usr/lib/python3/dist-packages/colcon_core/task/python/colcon_distutils_commands:/home/joudy/task7/src/install/turtle_control/lib/python3.12/site-packages:${PYTHONPATH} /usr/bin/python3 -W ignore:setup.py install is deprecated -W ignore:easy_install command is deprecated setup.py egg_info --egg-base ../build/turtle_control build --build-base /home/joudy/task7/src/build/turtle_control/build install --record /home/joudy/task7/src/build/turtle_control/install.log --install-scripts $base/lib/turtle_control --single-version-externally-managed install_data
[4.872s] DEBUG:colcon.colcon_core.event_handler.log_command:Invoked command in '/home/joudy/task7/src/turtle_control' returned '0': DEBUGINFOD_URLS=https://debuginfod.ubuntu.com PYTHONPATH=/home/joudy/task7/src/build/turtle_control/prefix_override:/usr/lib/python3/dist-packages/colcon_core/task/python/colcon_distutils_commands:/home/joudy/task7/src/install/turtle_control/lib/python3.12/site-packages:${PYTHONPATH} /usr/bin/python3 -W ignore:setup.py install is deprecated -W ignore:easy_install command is deprecated setup.py egg_info --egg-base ../build/turtle_control build --build-base /home/joudy/task7/src/build/turtle_control/build install --record /home/joudy/task7/src/build/turtle_control/install.log --install-scripts $base/lib/turtle_control --single-version-externally-managed install_data
[4.913s] Level 1:colcon.colcon_core.environment:checking '/home/joudy/task7/src/install/turtle_control' for CMake module files
[4.914s] Level 1:colcon.colcon_core.environment:checking '/home/joudy/task7/src/install/turtle_control' for CMake config files
[4.915s] Level 1:colcon.colcon_core.environment:checking '/home/joudy/task7/src/install/turtle_control/lib'
[4.915s] Level 1:colcon.colcon_core.environment:checking '/home/joudy/task7/src/install/turtle_control/bin'
[4.915s] Level 1:colcon.colcon_core.environment:checking '/home/joudy/task7/src/install/turtle_control/lib/pkgconfig/turtle_control.pc'
[4.916s] Level 1:colcon.colcon_core.environment:checking '/home/joudy/task7/src/install/turtle_control/lib/python3.12/site-packages'
[4.916s] Level 1:colcon.colcon_core.shell:create_environment_hook('turtle_control', 'pythonpath')
[4.916s] INFO:colcon.colcon_core.shell:Creating environment hook '/home/joudy/task7/src/install/turtle_control/share/turtle_control/hook/pythonpath.ps1'
[4.916s] INFO:colcon.colcon_core.shell:Creating environment descriptor '/home/joudy/task7/src/install/turtle_control/share/turtle_control/hook/pythonpath.dsv'
[4.917s] INFO:colcon.colcon_core.shell:Creating environment hook '/home/joudy/task7/src/install/turtle_control/share/turtle_control/hook/pythonpath.sh'
[4.918s] Level 1:colcon.colcon_core.environment:checking '/home/joudy/task7/src/install/turtle_control/bin'
[4.918s] Level 1:colcon.colcon_core.environment:create_environment_scripts_only(turtle_control)
[4.918s] INFO:colcon.colcon_core.shell:Creating package script '/home/joudy/task7/src/install/turtle_control/share/turtle_control/package.ps1'
[4.920s] INFO:colcon.colcon_core.shell:Creating package descriptor '/home/joudy/task7/src/install/turtle_control/share/turtle_control/package.dsv'
[4.922s] INFO:colcon.colcon_core.shell:Creating package script '/home/joudy/task7/src/install/turtle_control/share/turtle_control/package.sh'
[4.923s] INFO:colcon.colcon_core.shell:Creating package script '/home/joudy/task7/src/install/turtle_control/share/turtle_control/package.bash'
[4.926s] INFO:colcon.colcon_core.shell:Creating package script '/home/joudy/task7/src/install/turtle_control/share/turtle_control/package.zsh'
[4.928s] Level 1:colcon.colcon_core.environment:create_file_with_runtime_dependencies(/home/joudy/task7/src/install/turtle_control/share/colcon-core/packages/turtle_control)
[4.929s] DEBUG:colcon.colcon_parallel_executor.executor.parallel:closing loop
[4.929s] DEBUG:colcon.colcon_parallel_executor.executor.parallel:loop closed
[4.930s] DEBUG:colcon.colcon_parallel_executor.executor.parallel:run_until_complete finished with '0'
[4.930s] DEBUG:colcon.colcon_core.event_reactor:joining thread
[4.953s] INFO:colcon.colcon_core.plugin_system:Skipping extension 'colcon_notification.desktop_notification.terminal_notifier': Not used on non-Darwin systems
[4.953s] INFO:colcon.colcon_core.plugin_system:Skipping extension 'colcon_notification.desktop_notification.win32': Not used on non-Windows systems
[4.953s] INFO:colcon.colcon_notification.desktop_notification:Sending desktop notification using 'notify2'
[5.116s] DEBUG:colcon.colcon_core.event_reactor:joined thread
[5.116s] INFO:colcon.colcon_core.shell:Creating prefix script '/home/joudy/task7/src/install/local_setup.ps1'
[5.118s] INFO:colcon.colcon_core.shell:Creating prefix util module '/home/joudy/task7/src/install/_local_setup_util_ps1.py'
[5.120s] INFO:colcon.colcon_core.shell:Creating prefix chain script '/home/joudy/task7/src/install/setup.ps1'
[5.122s] INFO:colcon.colcon_core.shell:Creating prefix script '/home/joudy/task7/src/install/local_setup.sh'
[5.124s] INFO:colcon.colcon_core.shell:Creating prefix util module '/home/joudy/task7/src/install/_local_setup_util_sh.py'
[5.124s] INFO:colcon.colcon_core.shell:Creating prefix chain script '/home/joudy/task7/src/install/setup.sh'
[5.137s] INFO:colcon.colcon_core.shell:Creating prefix script '/home/joudy/task7/src/install/local_setup.bash'
[5.150s] INFO:colcon.colcon_core.shell:Creating prefix chain script '/home/joudy/task7/src/install/setup.bash'
[5.181s] INFO:colcon.colcon_core.shell:Creating prefix script '/home/joudy/task7/src/install/local_setup.zsh'
[5.187s] INFO:colcon.colcon_core.shell:Creating prefix chain script '/home/joudy/task7/src/install/setup.zsh'
