[3.351s] Invoking command in '/home/joudy/task7/src/turtle_control': DEBUGINFOD_URLS=https://debuginfod.ubuntu.com PYTHONPATH=/home/joudy/task7/src/build/turtle_control/prefix_override:/usr/lib/python3/dist-packages/colcon_core/task/python/colcon_distutils_commands:/home/joudy/task7/src/install/turtle_control/lib/python3.12/site-packages:${PYTHONPATH} /usr/bin/python3 -W ignore:setup.py install is deprecated -W ignore:easy_install command is deprecated setup.py egg_info --egg-base ../build/turtle_control build --build-base /home/joudy/task7/src/build/turtle_control/build install --record /home/joudy/task7/src/build/turtle_control/install.log --install-scripts $base/lib/turtle_control --single-version-externally-managed install_data
[3.678s] running egg_info
[3.680s] creating ../build/turtle_control/turtle_control.egg-info
[3.728s] writing ../build/turtle_control/turtle_control.egg-info/PKG-INFO
[3.746s] writing dependency_links to ../build/turtle_control/turtle_control.egg-info/dependency_links.txt
[3.746s] writing requirements to ../build/turtle_control/turtle_control.egg-info/requires.txt
[3.746s] writing top-level names to ../build/turtle_control/turtle_control.egg-info/top_level.txt
[3.747s] writing manifest file '../build/turtle_control/turtle_control.egg-info/SOURCES.txt'
[3.829s] reading manifest file '../build/turtle_control/turtle_control.egg-info/SOURCES.txt'
[3.829s] writing manifest file '../build/turtle_control/turtle_control.egg-info/SOURCES.txt'
[3.829s] running build
[3.829s] running build_py
[3.829s] creating /home/joudy/task7/src/build/turtle_control/build
[3.829s] creating /home/joudy/task7/src/build/turtle_control/build/lib
[3.835s] creating /home/joudy/task7/src/build/turtle_control/build/lib/turtle_control
[3.835s] copying turtle_control/__init__.py -> /home/joudy/task7/src/build/turtle_control/build/lib/turtle_control
[3.835s] running install
[3.863s] running install_lib
[3.886s] creating /home/joudy/task7/src/install/turtle_control/lib/python3.12/site-packages/turtle_control
[3.886s] copying /home/joudy/task7/src/build/turtle_control/build/lib/turtle_control/__init__.py -> /home/joudy/task7/src/install/turtle_control/lib/python3.12/site-packages/turtle_control
[3.887s] byte-compiling /home/joudy/task7/src/install/turtle_control/lib/python3.12/site-packages/turtle_control/__init__.py to __init__.cpython-312.pyc
[3.888s] running install_data
[3.888s] creating /home/joudy/task7/src/install/turtle_control/share/ament_index
[3.888s] creating /home/joudy/task7/src/install/turtle_control/share/ament_index/resource_index
[3.888s] creating /home/joudy/task7/src/install/turtle_control/share/ament_index/resource_index/packages
[3.888s] copying resource/turtle_control -> /home/joudy/task7/src/install/turtle_control/share/ament_index/resource_index/packages
[3.888s] copying package.xml -> /home/joudy/task7/src/install/turtle_control/share/turtle_control
[3.888s] running install_egg_info
[3.946s] Copying ../build/turtle_control/turtle_control.egg-info to /home/joudy/task7/src/install/turtle_control/lib/python3.12/site-packages/turtle_control-0.0.0-py3.12.egg-info
[3.947s] running install_scripts
[4.118s] writing list of installed files to '/home/joudy/task7/src/build/turtle_control/install.log'
[4.157s] Invoked command in '/home/joudy/task7/src/turtle_control' returned '0': DEBUGINFOD_URLS=https://debuginfod.ubuntu.com PYTHONPATH=/home/joudy/task7/src/build/turtle_control/prefix_override:/usr/lib/python3/dist-packages/colcon_core/task/python/colcon_distutils_commands:/home/joudy/task7/src/install/turtle_control/lib/python3.12/site-packages:${PYTHONPATH} /usr/bin/python3 -W ignore:setup.py install is deprecated -W ignore:easy_install command is deprecated setup.py egg_info --egg-base ../build/turtle_control build --build-base /home/joudy/task7/src/build/turtle_control/build install --record /home/joudy/task7/src/build/turtle_control/install.log --install-scripts $base/lib/turtle_control --single-version-externally-managed install_data
