running egg_info
creating ../../build/turtle_control/turtle_control.egg-info
writing ../../build/turtle_control/turtle_control.egg-info/PKG-INFO
writing dependency_links to ../../build/turtle_control/turtle_control.egg-info/dependency_links.txt
writing requirements to ../../build/turtle_control/turtle_control.egg-info/requires.txt
writing top-level names to ../../build/turtle_control/turtle_control.egg-info/top_level.txt
writing manifest file '../../build/turtle_control/turtle_control.egg-info/SOURCES.txt'
reading manifest file '../../build/turtle_control/turtle_control.egg-info/SOURCES.txt'
writing manifest file '../../build/turtle_control/turtle_control.egg-info/SOURCES.txt'
running build
running build_py
creating /home/joudy/task7/build/turtle_control/build
creating /home/joudy/task7/build/turtle_control/build/lib
creating /home/joudy/task7/build/turtle_control/build/lib/turtle_control
copying turtle_control/major_node.py -> /home/joudy/task7/build/turtle_control/build/lib/turtle_control
copying turtle_control/__init__.py -> /home/joudy/task7/build/turtle_control/build/lib/turtle_control
running install
running install_lib
creating /home/joudy/task7/install/turtle_control/lib/python3.12/site-packages/turtle_control
copying /home/joudy/task7/build/turtle_control/build/lib/turtle_control/major_node.py -> /home/joudy/task7/install/turtle_control/lib/python3.12/site-packages/turtle_control
copying /home/joudy/task7/build/turtle_control/build/lib/turtle_control/__init__.py -> /home/joudy/task7/install/turtle_control/lib/python3.12/site-packages/turtle_control
byte-compiling /home/joudy/task7/install/turtle_control/lib/python3.12/site-packages/turtle_control/major_node.py to major_node.cpython-312.pyc
byte-compiling /home/joudy/task7/install/turtle_control/lib/python3.12/site-packages/turtle_control/__init__.py to __init__.cpython-312.pyc
running install_data
creating /home/joudy/task7/install/turtle_control/share/ament_index
creating /home/joudy/task7/install/turtle_control/share/ament_index/resource_index
creating /home/joudy/task7/install/turtle_control/share/ament_index/resource_index/packages
copying resource/turtle_control -> /home/joudy/task7/install/turtle_control/share/ament_index/resource_index/packages
copying package.xml -> /home/joudy/task7/install/turtle_control/share/turtle_control
running install_egg_info
Copying ../../build/turtle_control/turtle_control.egg-info to /home/joudy/task7/install/turtle_control/lib/python3.12/site-packages/turtle_control-0.0.0-py3.12.egg-info
running install_scripts
writing list of installed files to '/home/joudy/task7/build/turtle_control/install.log'
